#-----------------------------------------------------------
# Vivado v2022.2 (64-bit)
# SW Build 3671981 on Fri Oct 14 05:00:03 MDT 2022
# IP Build 3669848 on Fri Oct 14 08:30:02 MDT 2022
# Start of session at: Fri Mar  8 09:06:38 2024
# Process ID: 17104
# Current directory: C:/Users/Ryan/OneDrive - University of Illinois - Urbana/385/Lab6/project_6final
# Command line: vivado.exe -gui_launcher_event rodinguilauncherevent18300 C:\Users\Ryan\OneDrive - University of Illinois - Urbana\385\Lab6\project_6final\project_6final.xpr
# Log file: C:/Users/Ryan/OneDrive - University of Illinois - Urbana/385/Lab6/project_6final/vivado.log
# Journal file: C:/Users/Ryan/OneDrive - University of Illinois - Urbana/385/Lab6/project_6final\vivado.jou
# Running On: DESKTOP-1SML9H2, OS: Windows, CPU Frequency: 3302 MHz, CPU Physical cores: 4, Host memory: 17005 MB
#-----------------------------------------------------------
start_gui
open_project {C:/Users/Ryan/OneDrive - University of Illinois - Urbana/385/Lab6/project_6final/project_6final.xpr}
update_compile_order -fileset sources_1
open_run impl_1
open_hw_manager
connect_hw_server -allow_non_jtag
open_hw_target
current_hw_device [get_hw_devices xc7s50_0]
refresh_hw_device -update_hw_probes false [lindex [get_hw_devices xc7s50_0] 0]
launch_runs impl_1 -to_step write_bitstream -jobs 4
wait_on_run impl_1
set_property PROBES.FILE {} [get_hw_devices xc7s50_0]
set_property FULL_PROBES.FILE {} [get_hw_devices xc7s50_0]
set_property PROGRAM.FILE {C:/Users/Ryan/OneDrive - University of Illinois - Urbana/385/Lab6/project_6final/project_6final.runs/impl_1/mb_final_top.bit} [get_hw_devices xc7s50_0]
program_hw_devices [get_hw_devices xc7s50_0]
refresh_hw_device [lindex [get_hw_devices xc7s50_0] 0]
set_property PROBES.FILE {} [get_hw_devices xc7s50_0]
set_property FULL_PROBES.FILE {} [get_hw_devices xc7s50_0]
set_property PROGRAM.FILE {C:/Users/Ryan/OneDrive - University of Illinois - Urbana/385/Lab6/project_6final/project_6final.runs/impl_1/mb_final_top.bit} [get_hw_devices xc7s50_0]
program_hw_devices [get_hw_devices xc7s50_0]
refresh_hw_device [lindex [get_hw_devices xc7s50_0] 0]
