10:33:55 **** Build of configuration Debug for project mbblockeyfinish ****
make all 
'Building file: ../src/mb_blink.c'
'Invoking: MicroBlaze gcc compiler'
mb-gcc -Wall -O0 -g3 -c -fmessage-length=0 -MT"src/mb_blink.o" -IC:/385/project_6final/workspace6check/mb_final_topsuperfinal/export/mb_final_topsuperfinal/sw/mb_final_topsuperfinal/standalone_microblaze_0/bspinclude/include -mno-xl-reorder -mlittle-endian -mxl-barrel-shift -mxl-pattern-compare -mcpu=v11.0 -mno-xl-soft-mul -Wl,--no-relax -ffunction-sections -fdata-sections -MMD -MP -MF"src/mb_blink.d" -MT"src/mb_blink.o" -o "src/mb_blink.o" "../src/mb_blink.c"
../src/mb_blink.c:18:35: warning: initialization of 'volatile uint32_t *' {aka 'volatile long unsigned int *'} from 'int' makes pointer from integer without a cast [-Wint-conversion]
   18 | volatile uint32_t* led_gpio_out = 0x40010000;  //Hint: either find the manual address (via the memory map in the block diagram, or
      |                                   ^~~~~~~~~~
../src/mb_blink.c:19:36: warning: initialization of 'volatile uint32_t *' {aka 'volatile long unsigned int *'} from 'int' makes pointer from integer without a cast [-Wint-conversion]
   19 | volatile uint32_t* accum_gpio_in = 0x40000000;   //replace with the proper define in xparameters (part of the BSP). Either way
      |                                    ^~~~~~~~~~
../src/mb_blink.c:20:33: warning: initialization of 'volatile uint32_t *' {aka 'volatile long unsigned int *'} from 'int' makes pointer from integer without a cast [-Wint-conversion]
   20 | volatile uint32_t* sw_gpio_in = 0x40020000;      //this is the base address of the GPIO corresponding to your LEDs
      |                                 ^~~~~~~~~~
'Finished building: ../src/mb_blink.c'
' '
'Building file: ../src/platform.c'
'Invoking: MicroBlaze gcc compiler'
mb-gcc -Wall -O0 -g3 -c -fmessage-length=0 -MT"src/platform.o" -IC:/385/project_6final/workspace6check/mb_final_topsuperfinal/export/mb_final_topsuperfinal/sw/mb_final_topsuperfinal/standalone_microblaze_0/bspinclude/include -mno-xl-reorder -mlittle-endian -mxl-barrel-shift -mxl-pattern-compare -mcpu=v11.0 -mno-xl-soft-mul -Wl,--no-relax -ffunction-sections -fdata-sections -MMD -MP -MF"src/platform.d" -MT"src/platform.o" -o "src/platform.o" "../src/platform.c"
'Finished building: ../src/platform.c'
' '
'Building target: mbblockeyfinish.elf'
'Invoking: MicroBlaze gcc linker'
mb-gcc -Wl,-T -Wl,../src/lscript.ld -LC:/385/project_6final/workspace6check/mb_final_topsuperfinal/export/mb_final_topsuperfinal/sw/mb_final_topsuperfinal/standalone_microblaze_0/bsplib/lib -mlittle-endian -mxl-barrel-shift -mxl-pattern-compare -mcpu=v11.0 -mno-xl-soft-mul -Wl,--no-relax -Wl,--gc-sections -o "mbblockeyfinish.elf"  ./src/mb_blink.o ./src/platform.o   -Wl,--start-group,-lxil,-lgcc,-lc,--end-group
'Finished building target: mbblockeyfinish.elf'
' '
'Invoking: MicroBlaze Print Size'
mb-size mbblockeyfinish.elf  |tee "mbblockeyfinish.elf.size"
   text	   data	    bss	    dec	    hex	filename
   5460	    328	   3108	   8896	   22c0	mbblockeyfinish.elf
'Finished building: mbblockeyfinish.elf.size'
' '

10:33:57 Build Finished (took 1s.955ms)

