Nothing to build in platform 'newreregenbitstream'

01:23:16 **** Incremental Build of configuration Debug for project newbitstreamgen ****
make all 
'Building file: ../src/hdmi_text_controller.c'
'Invoking: MicroBlaze gcc compiler'
mb-gcc -Wall -O0 -g3 -c -fmessage-length=0 -MT"src/hdmi_text_controller.o" -IC:/385/lab67redo/newnewregen/newreregenbitstream/export/newreregenbitstream/sw/newreregenbitstream/standalone_microblaze_0/bspinclude/include -mno-xl-reorder -mlittle-endian -mxl-barrel-shift -mxl-pattern-compare -mcpu=v11.0 -mno-xl-soft-mul -Wl,--no-relax -ffunction-sections -fdata-sections -MMD -MP -MF"src/hdmi_text_controller.d" -MT"src/hdmi_text_controller.o" -o "src/hdmi_text_controller.o" "../src/hdmi_text_controller.c"
In file included from ../src/hdmi_text_controller.h:8,
                 from ../src/hdmi_text_controller.c:4:
C:/385/lab67redo/newnewregen/newreregenbitstream/export/newreregenbitstream/sw/newreregenbitstream/standalone_microblaze_0/bspinclude/include/xparameters.h:574:50: warning: initialization of 'volatile struct HDMI_TEXT_STRUCT *' from 'int' makes pointer from integer without a cast [-Wint-conversion]
  574 | #define XPAR_HDMI_TEXT_CONTROLLER_0_AXI_BASEADDR 0x44A00000
      |                                                  ^~~~~~~~~~
../src/hdmi_text_controller.h:92:54: note: in expansion of macro 'XPAR_HDMI_TEXT_CONTROLLER_0_AXI_BASEADDR'
   92 | static volatile struct HDMI_TEXT_STRUCT* hdmi_ctrl = XPAR_HDMI_TEXT_CONTROLLER_0_AXI_BASEADDR;
      |                                                      ^~~~~~~~~~~~~~~~~~~~~~~~~~~~~~~~~~~~~~~~
'Finished building: ../src/hdmi_text_controller.c'
' '
'Building target: newbitstreamgen.elf'
'Invoking: MicroBlaze gcc linker'
mb-gcc -Wl,-T -Wl,../src/lscript.ld -LC:/385/lab67redo/newnewregen/newreregenbitstream/export/newreregenbitstream/sw/newreregenbitstream/standalone_microblaze_0/bsplib/lib -mlittle-endian -mxl-barrel-shift -mxl-pattern-compare -mcpu=v11.0 -mno-xl-soft-mul -Wl,--no-relax -Wl,--gc-sections -o "newbitstreamgen.elf"  ./src/hdmi_text_controller.o ./src/helloworld.o ./src/platform.o   -Wl,--start-group,-lxil,-lgcc,-lc,--end-group
'Finished building target: newbitstreamgen.elf'
' '
'Invoking: MicroBlaze Print Size'
mb-size newbitstreamgen.elf  |tee "newbitstreamgen.elf.size"
   text	   data	    bss	    dec	    hex	filename
  67076	   1728	   3172	  71976	  11928	newbitstreamgen.elf
'Finished building: newbitstreamgen.elf.size'
' '
